[    0.000000] Initializing cgroup subsys cpuset
[    0.000000] Initializing cgroup subsys cpu
[    0.000000] Initializing cgroup subsys cpuacct
[    0.000000] Linux version 4.4.0-77-generic (buildd@lgw01-59) (gcc version 5.4.0 20160609 (Ubuntu 5.4.0-6ubuntu1~16.04.4) ) #98-Ubuntu SMP Wed Apr 26 08:34:02 UTC 2017 (Ubuntu 4.4.0-77.98-generic 4.4.59)
[    0.000000] Command line: BOOT_IMAGE=/boot/vmlinuz-4.4.0-77-generic root=LABEL=cloudimg-rootfs ro console=tty1 console=ttyS0
[    0.000000] KERNEL supported cpus:
[    0.000000]   Intel GenuineIntel
[    0.000000]   AMD AuthenticAMD
[    0.000000]   Centaur CentaurHauls
[    0.000000] x86/fpu: xstate_offset[2]:  576, xstate_sizes[2]:  256
[    0.000000] x86/fpu: Supporting XSAVE feature 0x01: 'x87 floating point registers'
[    0.000000] x86/fpu: Supporting XSAVE feature 0x02: 'SSE registers'
[    0.000000] x86/fpu: Supporting XSAVE feature 0x04: 'AVX registers'
[    0.000000] x86/fpu: Enabled xstate features 0x7, context size is 832 bytes, using 'standard' format.
[    0.000000] x86/fpu: Using 'lazy' FPU context switches.
[    0.000000] e820: BIOS-provided physical RAM map:
[    0.000000] BIOS-e820: [mem 0x0000000000000000-0x000000000009fbff] usable
[    0.000000] BIOS-e820: [mem 0x000000000009fc00-0x000000000009ffff] reserved
[    0.000000] BIOS-e820: [mem 0x00000000000f0000-0x00000000000fffff] reserved
[    0.000000] BIOS-e820: [mem 0x0000000000100000-0x000000007ffeffff] usable
[    0.000000] BIOS-e820: [mem 0x000000007fff0000-0x000000007fffffff] ACPI data
[    0.000000] BIOS-e820: [mem 0x00000000fec00000-0x00000000fec00fff] reserved
[    0.000000] BIOS-e820: [mem 0x00000000fee00000-0x00000000fee00fff] reserved
[    0.000000] BIOS-e820: [mem 0x00000000fffc0000-0x00000000ffffffff] reserved
[    0.000000] NX (Execute Disable) protection: active
[    0.000000] SMBIOS 2.5 present.
[    0.000000] Hypervisor detected: KVM
[    0.000000] e820: last_pfn = 0x7fff0 max_arch_pfn = 0x400000000
[    0.000000] MTRR: Disabled
[    0.000000] x86/PAT: MTRRs disabled, skipping PAT initialization too.
[    0.000000] x86/PAT: Configuration [0-7]: WB  WT  UC- UC  WB  WT  UC- UC  
[    0.000000] CPU MTRRs all blank - virtualized system.
[    0.000000] found SMP MP-table at [mem 0x0009fff0-0x0009ffff] mapped at [ffff88000009fff0]
[    0.000000] Scanning 1 areas for low memory corruption
[    0.000000] RAMDISK: [mem 0x36aca000-0x3755cfff]
[    0.000000] ACPI: Early table checksum verification disabled
[    0.000000] ACPI: RSDP 0x00000000000E0000 000024 (v02 VBOX  )
[    0.000000] ACPI: XSDT 0x000000007FFF0030 00003C (v01 VBOX   VBOXXSDT 00000001 ASL  00000061)
[    0.000000] ACPI: FACP 0x000000007FFF00F0 0000F4 (v04 VBOX   VBOXFACP 00000001 ASL  00000061)
[    0.000000] ACPI: DSDT 0x000000007FFF0470 0021C8 (v02 VBOX   VBOXBIOS 00000002 INTL 20100528)
[    0.000000] ACPI: FACS 0x000000007FFF0200 000040
[    0.000000] ACPI: FACS 0x000000007FFF0200 000040
[    0.000000] ACPI: APIC 0x000000007FFF0240 00005C (v02 VBOX   VBOXAPIC 00000001 ASL  00000061)
[    0.000000] ACPI: SSDT 0x000000007FFF02A0 0001CC (v01 VBOX   VBOXCPUT 00000002 INTL 20100528)
[    0.000000] No NUMA configuration found
[    0.000000] Faking a node at [mem 0x0000000000000000-0x000000007ffeffff]
[    0.000000] NODE_DATA(0) allocated [mem 0x7ffeb000-0x7ffeffff]
[    0.000000] kvm-clock: Using msrs 4b564d01 and 4b564d00
[    0.000000] kvm-clock: cpu 0, msr 0:7ffe3001, primary cpu clock
[    0.000000] kvm-clock: using sched offset of 3009245470 cycles
[    0.000000] clocksource: kvm-clock: mask: 0xffffffffffffffff max_cycles: 0x1cd42e4dffb, max_idle_ns: 881590591483 ns
[    0.000000] Zone ranges:
[    0.000000]   DMA      [mem 0x0000000000001000-0x0000000000ffffff]
[    0.000000]   DMA32    [mem 0x0000000001000000-0x000000007ffeffff]
[    0.000000]   Normal   empty
[    0.000000]   Device   empty
[    0.000000] Movable zone start for each node
[    0.000000] Early memory node ranges
[    0.000000]   node   0: [mem 0x0000000000001000-0x000000000009efff]
[    0.000000]   node   0: [mem 0x0000000000100000-0x000000007ffeffff]
[    0.000000] Initmem setup node 0 [mem 0x0000000000001000-0x000000007ffeffff]
[    0.000000] ACPI: PM-Timer IO Port: 0x4008
[    0.000000] IOAPIC[0]: apic_id 2, version 32, address 0xfec00000, GSI 0-23
[    0.000000] ACPI: INT_SRC_OVR (bus 0 bus_irq 0 global_irq 2 dfl dfl)
[    0.000000] ACPI: INT_SRC_OVR (bus 0 bus_irq 9 global_irq 9 high level)
[    0.000000] Using ACPI (MADT) for SMP configuration information
[    0.000000] smpboot: Allowing 2 CPUs, 0 hotplug CPUs
[    0.000000] PM: Registered nosave memory: [mem 0x00000000-0x00000fff]
[    0.000000] PM: Registered nosave memory: [mem 0x0009f000-0x0009ffff]
[    0.000000] PM: Registered nosave memory: [mem 0x000a0000-0x000effff]
[    0.000000] PM: Registered nosave memory: [mem 0x000f0000-0x000fffff]
[    0.000000] e820: [mem 0x80000000-0xfebfffff] available for PCI devices
[    0.000000] Booting paravirtualized kernel on KVM
[    0.000000] clocksource: refined-jiffies: mask: 0xffffffff max_cycles: 0xffffffff, max_idle_ns: 7645519600211568 ns
[    0.000000] setup_percpu: NR_CPUS:512 nr_cpumask_bits:512 nr_cpu_ids:2 nr_node_ids:1
[    0.000000] PERCPU: Embedded 33 pages/cpu @ffff88007fc00000 s98264 r8192 d28712 u1048576
[    0.000000] PV qspinlock hash table entries: 256 (order: 0, 4096 bytes)
[    0.000000] Built 1 zonelists in Node order, mobility grouping on.  Total pages: 515961
[    0.000000] Policy zone: DMA32
[    0.000000] Kernel command line: BOOT_IMAGE=/boot/vmlinuz-4.4.0-77-generic root=LABEL=cloudimg-rootfs ro console=tty1 console=ttyS0
[    0.000000] PID hash table entries: 4096 (order: 3, 32768 bytes)
[    0.000000] Memory: 2033944K/2096696K available (8449K kernel code, 1294K rwdata, 3980K rodata, 1484K init, 1316K bss, 62752K reserved, 0K cma-reserved)
[    0.000000] SLUB: HWalign=64, Order=0-3, MinObjects=0, CPUs=2, Nodes=1
[    0.000000] Hierarchical RCU implementation.
[    0.000000] 	Build-time adjustment of leaf fanout to 64.
[    0.000000] 	RCU restricting CPUs from NR_CPUS=512 to nr_cpu_ids=2.
[    0.000000] RCU: Adjusting geometry for rcu_fanout_leaf=64, nr_cpu_ids=2
[    0.000000] NR_IRQS:33024 nr_irqs:440 16
[    0.000000] Console: colour VGA+ 80x25
[    0.000000] console [tty1] enabled
[    0.000000] console [ttyS0] enabled
[    0.000000] tsc: Detected 2693.860 MHz processor
[    4.123420] Calibrating delay loop (skipped) preset value.. 5387.72 BogoMIPS (lpj=10775440)
[    4.160893] pid_max: default: 32768 minimum: 301
[    4.226955] ACPI: Core revision 20150930
[    4.281123] ACPI: 2 ACPI AML tables successfully acquired and loaded
[    4.325118] Security Framework initialized
[    4.358377] Yama: becoming mindful.
[    4.364928] AppArmor: AppArmor initialized
[    4.377168] Dentry cache hash table entries: 262144 (order: 9, 2097152 bytes)
[    4.385867] Inode-cache hash table entries: 131072 (order: 8, 1048576 bytes)
[    4.435931] Mount-cache hash table entries: 4096 (order: 3, 32768 bytes)
[    4.463954] Mountpoint-cache hash table entries: 4096 (order: 3, 32768 bytes)
[    4.477838] Initializing cgroup subsys io
[    4.488127] Initializing cgroup subsys memory
[    4.545363] Initializing cgroup subsys devices
[    4.573246] Initializing cgroup subsys freezer
[    4.586973] Initializing cgroup subsys net_cls
[    4.593248] Initializing cgroup subsys perf_event
[    4.607614] Initializing cgroup subsys net_prio
[    4.656417] Initializing cgroup subsys hugetlb
[    4.663253] Initializing cgroup subsys pids
[    4.716504] CPU: Physical Processor ID: 0
[    4.738084] CPU: Processor Core ID: 0
[    4.758999] mce: CPU supports 0 MCE banks
[    4.795544] Last level iTLB entries: 4KB 512, 2MB 8, 4MB 8
[    4.834316] Last level dTLB entries: 4KB 512, 2MB 32, 4MB 32, 1GB 0
[    4.913525] Freeing SMP alternatives memory: 32K (ffffffff820b8000 - ffffffff820c0000)
[    4.961054] ftrace: allocating 32117 entries in 126 pages
[    5.098600] smpboot: APIC(0) Converting physical 0 to logical package 0
[    5.168672] smpboot: Max logical packages: 1
[    5.250305] x2apic enabled
[    5.294762] Switched APIC routing to physical x2apic.
[    5.328540] ..TIMER: vector=0x30 apic1=0 pin1=2 apic2=-1 pin2=-1
[    5.575038] smpboot: CPU0: Intel(R) Core(TM) i7-3740QM CPU @ 2.70GHz (family: 0x6, model: 0x3a, stepping: 0x9)
[    5.722598] Performance Events: unsupported p6 CPU model 58 no PMU driver, software events only.
[    5.801066] KVM setup paravirtual spinlock
[    5.832727] x86: Booting SMP configuration:
[    5.891914] .... node  #0, CPUs:      #1
[    5.914829] kvm-clock: cpu 1, msr 0:7ffe3041, secondary cpu clock
[    5.933759] mce: CPU supports 0 MCE banks
[    5.947749] x86: Booted up 1 node, 2 CPUs
[    5.964142] smpboot: Total of 2 processors activated (10775.44 BogoMIPS)
[    5.971224] devtmpfs: initialized
[    6.041614] evm: security.selinux
[    6.051012] evm: security.SMACK64
[    6.072175] evm: security.SMACK64EXEC
[    6.145551] evm: security.SMACK64TRANSMUTE
[    6.245693] evm: security.SMACK64MMAP
[    6.307945] evm: security.ima
[    6.336059] evm: security.capability
[    6.337049] clocksource: jiffies: mask: 0xffffffff max_cycles: 0xffffffff, max_idle_ns: 7645041785100000 ns
[    6.338883] futex hash table entries: 512 (order: 3, 32768 bytes)
[    6.340265] pinctrl core: initialized pinctrl subsystem
[    6.383019] RTC time: 18:39:45, date: 05/13/17
[    6.389564] NET: Registered protocol family 16
[    6.423275] cpuidle: using governor ladder
[    6.447479] cpuidle: using governor menu
[    6.507318] PCCT header not found.
[    6.585846] ACPI: bus type PCI registered
[    6.632422] acpiphp: ACPI Hot Plug PCI Controller Driver version: 0.5
[    6.767171] PCI: Using configuration type 1 for base access
[    6.889123] ACPI: Added _OSI(Module Device)
[    6.974567] ACPI: Added _OSI(Processor Device)
[    6.987283] ACPI: Added _OSI(3.0 _SCP Extensions)
[    7.032572] ACPI: Added _OSI(Processor Aggregator Device)
[    7.078629] ACPI: Executed 1 blocks of module-level executable AML code
[    7.108836] ACPI: Interpreter enabled
[    7.127730] ACPI: (supports S0 S5)
[    7.128448] ACPI: Using IOAPIC for interrupt routing
[    7.185395] PCI: Using host bridge windows from ACPI; if necessary, use "pci=nocrs" and report a bug
[    7.222675] ACPI: PCI Root Bridge [PCI0] (domain 0000 [bus 00-ff])
[    7.369806] acpi PNP0A03:00: _OSC: OS supports [ASPM ClockPM Segments MSI]
[    7.495833] acpi PNP0A03:00: _OSC failed (AE_NOT_FOUND); disabling ASPM
[    7.643879] acpi PNP0A03:00: fail to add MMCONFIG information, can't access extended PCI configuration space under this bridge.
[    7.762215] PCI host bridge to bus 0000:00
[    7.789808] pci_bus 0000:00: root bus resource [io  0x0000-0x0cf7 window]
[    7.796503] pci_bus 0000:00: root bus resource [io  0x0d00-0xffff window]
[    7.797702] pci_bus 0000:00: root bus resource [mem 0x000a0000-0x000bffff window]
[    7.799160] pci_bus 0000:00: root bus resource [mem 0x80000000-0xffdfffff window]
[    7.839186] pci_bus 0000:00: root bus resource [bus 00-ff]
[    7.847705] pci 0000:00:01.1: legacy IDE quirk: reg 0x10: [io  0x01f0-0x01f7]
[    7.927716] pci 0000:00:01.1: legacy IDE quirk: reg 0x14: [io  0x03f6]
[    7.974872] pci 0000:00:01.1: legacy IDE quirk: reg 0x18: [io  0x0170-0x0177]
[    8.020907] pci 0000:00:01.1: legacy IDE quirk: reg 0x1c: [io  0x0376]
[    8.098609] pci 0000:00:07.0: quirk: [io  0x4000-0x403f] claimed by PIIX4 ACPI
[    8.136359] pci 0000:00:07.0: quirk: [io  0x4100-0x410f] claimed by PIIX4 SMB
[    8.181387] ACPI: PCI Interrupt Link [LNKA] (IRQs 5 9 10 *11)
[    8.301126] ACPI: PCI Interrupt Link [LNKB] (IRQs 5 9 10 *11)
[    8.424202] ACPI: PCI Interrupt Link [LNKC] (IRQs 5 9 *10 11)
[    8.543055] ACPI: PCI Interrupt Link [LNKD] (IRQs 5 *9 10 11)
[    8.627929] ACPI: Enabled 2 GPEs in block 00 to 07
[    8.677881] vgaarb: setting as boot device: PCI:0000:00:02.0
[    8.774829] vgaarb: device added: PCI:0000:00:02.0,decodes=io+mem,owns=io+mem,locks=none
[    8.918860] vgaarb: loaded
[    8.927704] vgaarb: bridge control possible 0000:00:02.0
[    8.946395] SCSI subsystem initialized
[    9.015189] ACPI: bus type USB registered
[    9.092205] usbcore: registered new interface driver usbfs
[    9.136271] usbcore: registered new interface driver hub
[    9.156360] usbcore: registered new device driver usb
[    9.185416] PCI: Using ACPI for IRQ routing
[    9.220185] NetLabel: Initializing
[    9.237554] NetLabel:  domain hash size = 128
[    9.268190] NetLabel:  protocols = UNLABELED CIPSOv4
[    9.280303] NetLabel:  unlabeled traffic allowed by default
[    9.316231] amd_nb: Cannot enumerate AMD northbridges
[    9.432176] clocksource: Switched to clocksource kvm-clock
[    9.479970] AppArmor: AppArmor Filesystem Enabled
[    9.583348] pnp: PnP ACPI init
[    9.648412] pnp: PnP ACPI: found 3 devices
[    9.667071] clocksource: acpi_pm: mask: 0xffffff max_cycles: 0xffffff, max_idle_ns: 2085701024 ns
[    9.757383] NET: Registered protocol family 2
[    9.763937] TCP established hash table entries: 16384 (order: 5, 131072 bytes)
[    9.779054] TCP bind hash table entries: 16384 (order: 6, 262144 bytes)
[    9.842934] TCP: Hash tables configured (established 16384 bind 16384)
[    9.963254] UDP hash table entries: 1024 (order: 3, 32768 bytes)
[   10.111419] UDP-Lite hash table entries: 1024 (order: 3, 32768 bytes)
[   10.197180] NET: Registered protocol family 1
[   10.274377] pci 0000:00:00.0: Limiting direct PCI/PCI transfers
[   10.352406] pci 0000:00:01.0: Activating ISA DMA hang workarounds
[   10.427712] Unpacking initramfs...
[   12.016754] Freeing initrd memory: 10828K (ffff880036aca000 - ffff88003755d000)
[   12.065244] RAPL PMU detected, API unit is 2^-32 Joules, 3 fixed counters 10737418240 ms ovfl timer
[   12.097888] hw unit of domain pp0-core 2^-0 Joules
[   12.216588] hw unit of domain package 2^-0 Joules
[   12.277622] hw unit of domain pp1-gpu 2^-0 Joules
[   12.280112] platform rtc_cmos: registered platform RTC device (no PNP device found)
[   12.355394] Scanning for low memory corruption every 60 seconds
[   12.481128] audit: initializing netlink subsys (disabled)
[   12.530245] audit: type=2000 audit(1494700787.504:1): initialized
[   12.556931] Initialise system trusted keyring
[   12.581609] HugeTLB registered 2 MB page size, pre-allocated 0 pages
[   12.611759] zbud: loaded
[   12.632341] VFS: Disk quotas dquot_6.6.0
[   12.650036] VFS: Dquot-cache hash table entries: 512 (order 0, 4096 bytes)
[   12.697368] squashfs: version 4.0 (2009/01/31) Phillip Lougher
[   12.709361] fuse init (API version 7.23)
[   12.736296] Key type big_key registered
[   12.802727] Allocating IMA MOK and blacklist keyrings.
[   12.876426] Key type asymmetric registered
[   12.942358] Asymmetric key parser 'x509' registered
[   13.018178] Block layer SCSI generic (bsg) driver version 0.4 loaded (major 249)
[   13.148209] io scheduler noop registered
[   13.190858] io scheduler deadline registered (default)
[   13.199106] io scheduler cfq registered
[   13.218805] pci_hotplug: PCI Hot Plug PCI Core version: 0.5
[   13.236599] pciehp: PCI Express Hot Plug Controller Driver version: 0.4
[   13.251408] ACPI: AC Adapter [AC] (off-line)
[   13.330537] tsc: Refined TSC clocksource calibration: 2693.909 MHz
[   13.338570] clocksource: tsc: mask: 0xffffffffffffffff max_cycles: 0x26d4c4a7b86, max_idle_ns: 440795292399 ns
[   13.339228] input: Power Button as /devices/LNXSYSTM:00/LNXPWRBN:00/input/input0
[   13.339230] ACPI: Power Button [PWRF]
[   13.339300] input: Sleep Button as /devices/LNXSYSTM:00/LNXSLPBN:00/input/input1
[   13.339301] ACPI: Sleep Button [SLPF]
[   13.447806] GHES: HEST is not enabled!
[   13.449208] ACPI: Battery Slot [BAT0] (battery present)
[   13.449274] Serial: 8250/16550 driver, 32 ports, IRQ sharing enabled
[   13.499938] 00:02: ttyS0 at I/O 0x3f8 (irq = 4, base_baud = 115200) is a 16550A
[   13.573949] Linux agpgart interface v0.103
[   13.664732] loop: module loaded
[   13.665319] scsi host0: ata_piix
[   13.665385] scsi host1: ata_piix
[   13.665417] ata1: PATA max UDMA/33 cmd 0x1f0 ctl 0x3f6 bmdma 0xd000 irq 14
[   13.665418] ata2: PATA max UDMA/33 cmd 0x170 ctl 0x376 bmdma 0xd008 irq 15
[   13.665498] libphy: Fixed MDIO Bus: probed
[   13.665500] tun: Universal TUN/TAP device driver, 1.6
[   13.665501] tun: (C) 1999-2004 Max Krasnyansky <maxk@qualcomm.com>
[   13.665897] PPP generic driver version 2.4.2
[   13.665958] ehci_hcd: USB 2.0 'Enhanced' Host Controller (EHCI) Driver
[   13.665964] ehci-pci: EHCI PCI platform driver
[   13.665986] ehci-platform: EHCI generic platform driver
[   13.665996] ohci_hcd: USB 1.1 'Open' Host Controller (OHCI) Driver
[   13.666005] ohci-pci: OHCI PCI platform driver
[   13.666015] ohci-platform: OHCI generic platform driver
[   13.666024] uhci_hcd: USB Universal Host Controller Interface driver
[   13.666092] i8042: PNP: PS/2 Controller [PNP0303:PS2K,PNP0f03:PS2M] at 0x60,0x64 irq 1,12
[   13.683650] serio: i8042 KBD port at 0x60,0x64 irq 1
[   13.683674] serio: i8042 AUX port at 0x60,0x64 irq 12
[   13.683850] mousedev: PS/2 mouse device common for all mice
[   13.684284] rtc_cmos rtc_cmos: rtc core: registered rtc_cmos as rtc0
[   13.684357] rtc_cmos rtc_cmos: alarms up to one day, 114 bytes nvram
[   13.684369] i2c /dev entries driver
[   13.684434] device-mapper: uevent: version 1.0.3
[   13.684496] device-mapper: ioctl: 4.34.0-ioctl (2015-10-28) initialised: dm-devel@redhat.com
[   13.684520] ledtrig-cpu: registered to indicate activity on CPUs
[   13.684855] NET: Registered protocol family 10
[   13.685043] NET: Registered protocol family 17
[   13.685056] Key type dns_resolver registered
[   13.695504] microcode: CPU0 sig=0x306a9, pf=0x2, revision=0x19
[   13.695583] microcode: CPU1 sig=0x306a9, pf=0x2, revision=0x19
[   13.695652] microcode: Microcode Update Driver: v2.01 <tigran@aivazian.fsnet.co.uk>, Peter Oruba
[   13.695875] registered taskstats version 1
[   13.695890] Loading compiled-in X.509 certificates
[   13.696611] Loaded X.509 cert 'Build time autogenerated kernel key: 60562572960efd370424d983abb028749c4780ed'
[   13.696671] zswap: loaded using pool lzo/zbud
[   13.698223] Key type trusted registered
[   13.700170] Key type encrypted registered
[   13.700175] AppArmor: AppArmor sha1 policy hashing enabled
[   13.700177] ima: No TPM chip found, activating TPM-bypass!
[   13.700195] evm: HMAC attrs: 0x1
[   13.700486]   Magic number: 1:14:696
[   13.709125] rtc_cmos rtc_cmos: setting system clock to 2017-05-13 18:39:52 UTC (1494700792)
[   13.709278] BIOS EDD facility v0.16 2004-Jun-25, 0 devices found
[   13.709278] EDD information not available.
[   13.938068] input: AT Translated Set 2 keyboard as /devices/platform/i8042/serio0/input/input2
[   16.616328] Freeing unused kernel memory: 1484K (ffffffff81f45000 - ffffffff820b8000)
[   16.653164] Write protecting the kernel read-only data: 14336k
[   16.739477] Freeing unused kernel memory: 1780K (ffff880001843000 - ffff880001a00000)
[   16.786381] Freeing unused kernel memory: 116K (ffff880001de3000 - ffff880001e00000)
Loading, please wait...
starting version[   16.850789] random: systemd-udevd: uninitialized urandom read (16 bytes read, 4 bits of entropy available)
 229
[   16.851274] random: udevadm: uninitialized urandom read (16 bytes read, 4 bits of entropy available)
[   16.851316] random: udevadm: uninitialized urandom read (16 bytes read, 4 bits of entropy available)
[   16.851429] random: udevadm: uninitialized urandom read (16 bytes read, 4 bits of entropy available)
[   16.851473] random: udevadm: uninitialized urandom read (16 bytes read, 4 bits of entropy available)
[   16.851514] random: udevadm: uninitialized urandom read (16 bytes read, 4 bits of entropy available)
[   16.851566] random: udevadm: uninitialized urandom read (16 bytes read, 4 bits of entropy available)
[   16.851637] random: udevadm: uninitialized urandom read (16 bytes read, 4 bits of entropy available)
[   16.851687] random: udevadm: uninitialized urandom read (16 bytes read, 4 bits of entropy available)
[   16.851728] random: udevadm: uninitialized urandom read (16 bytes read, 4 bits of entropy available)
[   18.990440] e1000: Intel(R) PRO/1000 Network Driver - version 7.3.21-k8-NAPI
[   19.148768] e1000: Copyright (c) 1999-2006 Intel Corporation.
[   19.197499] Fusion MPT base driver 3.04.20
[   19.212845] Copyright (c) 1999-2008 LSI Corporation
[   19.225390] Fusion MPT SPI Host driver 3.04.20
[   19.248558] mptbase: ioc0: Initiating bringup
[   19.295999] AVX version of gcm_enc/dec engaged.
[   19.352811] ioc0: LSI53C1030 A0: Capabilities={Initiator}
[   19.426142] AES CTR mode by8 optimization enabled
[   19.492524] input: ImExPS/2 Generic Explorer Mouse as /devices/platform/i8042/serio1/input/input4
[   19.822260] scsi host2: ioc0: LSI53C1030 A0, FwRev=00000000h, Ports=1, MaxQ=256, IRQ=20
[   20.069548] scsi 2:0:0:0: Direct-Access     VBOX     HARDDISK         1.0  PQ: 0 ANSI: 5
[   20.120465] scsi target2:0:0: Beginning Domain Validation
[   20.275862] scsi target2:0:0: Domain Validation skipping write tests
[   20.288103] scsi target2:0:0: Ending Domain Validation
[   20.317950] scsi target2:0:0: asynchronous
[   20.337345] scsi 2:0:1:0: Direct-Access     VBOX     HARDDISK         1.0  PQ: 0 ANSI: 5
[   20.365901] scsi target2:0:1: Beginning Domain Validation
[   20.522747] scsi target2:0:1: Domain Validation skipping write tests
[   20.634514] e1000 0000:00:03.0 eth0: (PCI:33MHz:32-bit) 02:59:88:db:12:16
[   20.634518] e1000 0000:00:03.0 eth0: Intel(R) PRO/1000 Network Connection
[   20.692760] e1000 0000:00:03.0 enp0s3: renamed from eth0
[   20.847625] scsi target2:0:1: Ending Domain Validation
[   20.955039] scsi target2:0:1: asynchronous
[   20.992274] sd 2:0:0:0: [sda] 20971520 512-byte logical blocks: (10.7 GB/10.0 GiB)
[   21.062697] sd 2:0:0:0: Attached scsi generic sg0 type 0
[   21.088643] sd 2:0:0:0: [sda] Write Protect is off
[   21.180706] sd 2:0:1:0: Attached scsi generic sg1 type 0
[   21.190826] sd 2:0:1:0: [sdb] 20480 512-byte logical blocks: (10.5 MB/10.0 MiB)
[   21.197259] sd 2:0:0:0: [sda] Incomplete mode parameter data
[   21.197260] sd 2:0:0:0: [sda] Assuming drive cache: write through
[   21.409431]  sda: sda1
[   21.410488] sd 2:0:0:0: [sda] Attached SCSI disk
[   21.676372] sd 2:0:1:0: [sdb] Write Protect is off
[   21.729015] sd 2:0:1:0: [sdb] Incomplete mode parameter data
[   22.027550] sd 2:0:1:0: [sdb] Assuming drive cache: write through
[   22.201152] floppy0: no floppy controllers found
[   22.201198] work still pending
[   22.504495] sd 2:0:1:0: [sdb] Attached SCSI disk
Begin: Loading e[   23.850267] md: linear personality registered for level -1
ssential drivers[   23.857321] md: multipath personality registered for level -4
 ... [   23.926863] md: raid0 personality registered for level 0
[   23.941567] md: raid1 personality registered for level 1
[   24.077229] raid6: sse2x1   gen()  9867 MB/s
[   24.373074] raid6: sse2x1   xor()  7751 MB/s
[   24.690102] raid6: sse2x2   gen() 11270 MB/s
[   24.784246] raid6: sse2x2   xor()  6999 MB/s
[   24.967074] raid6: sse2x4   gen() 14776 MB/s
[   25.268189] raid6: sse2x4   xor()  9850 MB/s
[   25.487519] raid6: using algorithm sse2x4 gen() 14776 MB/s
[   25.804793] raid6: .... xor() 9850 MB/s, rmw enabled
[   25.835071] raid6: using ssse3x2 recovery algorithm
[   25.843188] xor: automatically using best checksumming function:
[   25.912268]    avx       : 20754.000 MB/sec
[   25.925551] async_tx: api initialized (async)
[   26.094567] md: raid6 personality registered for level 6
[   26.342929] md: raid5 personality registered for level 5
[   26.614867] md: raid4 personality registered for level 4
[   26.688519] md: raid10 personality registered for level 10
done.
Begin: Running /scripts/init-p[   26.864653] Btrfs loaded
remount ... done.
Begin: Mounting root file system ... Begin: Running /scripts/local-top ... done.
Begin: Runn[   26.951389] EXT4-fs (sda1): mounted filesystem with ordered data mode. Opts: (null)
ing /scripts/local-premount ... Scanning for Btrfs filesystems
done.
Warning: fsck not present, so skipping root file system
done.
Begin: Running /scripts/local-bottom ... done.
Begin: Running /scripts/init-bottom ... done.
[   27.076074] systemd[1]: systemd 229 running in system mode. (+PAM +AUDIT +SELINUX +IMA +APPARMOR +SMACK +SYSVINIT +UTMP +LIBCRYPTSETUP +GCRYPT +GNUTLS +ACL +XZ -LZ4 +SECCOMP +BLKID +ELFUTILS +KMOD -IDN)
[   27.378868] systemd[1]: Detected virtualization oracle.
[   27.737364] systemd[1]: Detected architecture x86-64.

Welcome to [1mUbuntu 16.04.2 LTS[0m!

[   27.820974] systemd[1]: Set hostname to <ubuntu>.
[   27.838971] systemd[1]: Initializing machine ID from random generator.
[   27.858784] systemd[1]: Installed transient /etc/machine-id file.
[   27.963709] systemd[1]: Listening on LVM2 metadata daemon socket.
[[0;32m  OK  [0m] Listening on LVM2 metadata daemon socket.
[   28.000579] systemd[1]: Started Forward Password Requests to Wall Directory Watch.
[[0;32m  OK  [0m] Started Forward Password Requests to Wall Directory Watch.
[   28.052862] systemd[1]: Created slice User and Session Slice.
[[0;32m  OK  [0m] Created slice User and Session Slice.
[   28.096805] systemd[1]: Listening on udev Kernel Socket.
[[0;32m  OK  [0m] Listening on udev Kernel Socket.
[   28.188705] systemd[1]: Listening on Journal Socket (/dev/log).
[[0;32m  OK  [0m] Listening on Journal Socket (/dev/log).
[   28.332627] systemd[1]  Listening on udev Control Socket.
[[0;32m  OK  [0m] Listening on udev Control Socket.
[   28.680917] systemd[1]: Listening on LVM2 poll daemon socket.
[[0;32m  OK  [0m] Listening on LVM2 poll daemon socket.
[   28.744769] systemd[1]: Listening on Device-mapper event daemon FIFOs.
[[0;32m  OK  [0m] Listening on Device-mapper event daemon FIFOs.
[   28.817009] systemd[1]: Reached target Swap.
[[0;32m  OK  [0m] Reached target Swap.
[   28.876792] systemd[1]: Reached target User and Group Name Lookups.
[[0;32m  OK  [0m] Reached target User and Group Name Lookups.
[   28.947442] systemd[1]: Lsstening on Syslog Socket.
[[0;32m  OK  [0m] Listening on Syslog Socket.
[   29.165782] systemd[1]: Set up automount Arbitrary Executable File Formats File System Automount Point.
[[0;32m  OK  [0m] Set up automount Arbitrary Executab...ats File System Automount Point.
[   29.240754] systemd[1]: Reached target Encrypted Volumes.
[[0;32m  OK  [0m] Reached target Encrypted Volumes.
[   29.404775] syseemd[1]: Listening on /dev/initctl Compatibility Named Pipe.
[[0;32m  OK  [0m] Listening on /dev/initctl Compatibility Named Pipe.
[   29.892798] systemd[1]: Listening on Journal Socket.
[[0;32m  OK  [0m] Listening on Journal Socket.
[   30.028662] systemd[1]: Started Trigger resolvconf update for networkd DNS.
[[0;32m  OK  [0m] Started Trigger resolvconf update for networkd DNS.
[   30.276801] systemd[1]: Created slice System Slice.
[[0;32m  OK  [0m] Created slice System Slice.
[   30.309000] systemd[1]: Created slice system-serial\x2dgetty.slice.
[[0;32m  OK  [0m] Created slice system-serial\x2dgetty.slice.
[   30.577053] systemd[1]: Starting Monitoring of LVM2 mirrors, snapshots etc. using dmeventd or progress polling...
         Starting Monitoring of LVM2 mirrors... dmeventd or progress polling...
[   30.842137] systemd[1]: Reached target Slices.
[[0;32m  OK  [0m] Reached target Slices.
[   31.040792] systemd[1]: Starting Uncomplicated firewall...
         Starting Uncomplicated firewall...
[   31.213399] random: nonblocking pool is initialized
[   31.328610] systemd[1]: Starting Load Kernel Modules...
         Startin[   31.367613] Loading iSCSI transport class v2.0-870.
g Load Kernel Mo[   31.402575] iscsi: registered transport (tcp)
dules...
[   31.473517] iscsi: registered transport (iser)
[   31.496815] systemd[1]: Starting Nameserver information manager...
         Starting Nameserver information manager...
[   31.760517] systemd[1]: Mounting Debug File System...
         Mounting Debug File System...
[   31.997278] systemd[1]: Mounting Huge Pages File System...
         Mounting Huge Pages File System...
[   32.276890] systemd[1]: Starting Create list of required static device nodes for the current kernel...
         Starting Create list of required st... nodes for the current kernel...
[   32.496471] systemd[1]: Starting Set console keymap...
         Starting Set console keymap...
[   32.537529] systemd[1]: Listening on Journal Audit Socket.
[[0;32m  OK  [0m] Listening on Journal Audit Socket.
[   32.617046] systemd[1]: Starting Journal Service...
         Starting Journal Service...
[   32.736811] systemd[1]: Starting Remount Root and Kernel File Systems...
[   32.740298] EXT4-fs (sda1): re-mounted. Opts: (null)
         Starting Remount Root and Kernel File Systems...
[   32.853549] systemd[1]: Mounting POSIX Message Queue File System...
         Mounting POSIX Message Queue File System...
[   33.201827] systemd[1]: Mounted Huge Pages File System.
[[0;32m  OK  [0m] Mounted Huge Pages File System.
[   33.352979] systemd[]]: Mounted POSIX Message Queue File System.
[[0;32m  OK  [0m] Mounted POSIX Message Queue File System.
[   33.516673] systemd[1]: Mounted Debug File System.
[[0;32m  OK  [0m] Mounted Debug File System.
[   33.568666] systemd[1]: Started Journal Service.
[[0;32m  OK  [0m] Started Journal Service.
[[0;32m  OK  [0m] Started Uncomplicated firewall.
[[0;32m  OK  [0m] Started Load Kernel Modules.
[[0;32m  OK  [0m] Started Create list of required sta...ce nodes for the current kernel.
[[0;32m  OK  [0m] Started Set console keymap.
[[0;32m  OK  [0m] Started Remount Root and Kernel File Systems.
[[0;32m  OK  [0m] Started Nameserver information manager.
[[0;32m  OK  [0m] Started LVM2 metadata daemon.
         Starting udev Coldplug all Devices...
         Starting Load/Save Random Seed...
         Starting Initial cloud-init job (pre-networking)...
         Starting Create Static Device Nodes in /dev...
         Starting Apply Kernel Variables...
         Mounting FUSE Control File System...
         Starting Flush Journal to Persistent Storage...
[[0;32m  OK  [0m] Mounted FUSE Control File System.
[[0;32m  OK  [0m] Started Load/Save Random Seed.
[[0;32m  OK  [0m] Started Create Static Device Nodes in /dev.
[[0;32m  OK  [0m] Started Apply Kernel Variables.
[[0;32m  OK  [0m] Started udev Coldplug all Devices.
[[0;32m  OK  [0m] Started Flush Journal to Persistent Storage.
         Starting udev Kernel Device Manager...
[[0;32m  OK  [0m] Started udev Kernel Device Manager.
[[0;32m  OK  [0m] Started Monitoring of LVM2 mirrors,...ng dmeventd or progress polling.
[[0;32m  OK  [0m] Started Dispatch Password Requests to Console Directory Watch.
[[0;32m  OK  [0m] Reached target Local File Systems (Pre).
[[0;32m  OK  [0m] Reached target Local File Systems.
         Starting Commit a transient machine-id on disk...
[   25.785342] cloud-init[443]: Cloud-init v. 0.7.9 running 'init-local' at Sat, 13 May 2017 18:40:13 +0000. Up 25.55 seconds.
         Starting Create Volatile Files and Directories...
         Starting Set console font and keymap...
         Starting LSB: AppArmor initialization...
         Starting Tell Plymouth To Write Out Runtime Data...
[[0;32m  OK  [0m] Started Commit a transient machine-id on disk.
[[0;32m  OK  [0m] Started Create Volatile Files and Directories.
[[0;32m  OK  [0m] Started Tell Plymouth To Write Out Runtime Data.
[[0;32m  OK  [0m] Started Set console font and keymap.
[[0;32m  OK  [0m] Started Initial cloud-init job (pre-networking).
[[0;32m  OK  [0m] Found device /dev/ttyS0.
[[0;32m  OK  [0m] Listening on Load/Save RF Kill Switch Status /dev/rfkill Watch.
[[0;32m  OK  [0m] Reached target Network (Pre).
[[0;32m  OK  [0m] Created slice system-getty.slice.
         Starting Update UTMP about System Boot/Shutdown...
[[0;32m  OK  [0m] Reached target System Time Synchronized.
[[0;32m  OK  [0m] Started Update UTMP about System Boot/Shutdown.
[[0;32m  OK  [0m] Started LSB: AppArmor initialization.
         Starting Raise network interfaces...
[[0;32m  OK  [0m] Started ifup for enp0s3.
[[0;32m  OK  [0m] Started Raise network interfaces.
         Starting Initial cloud-init job (metadata service crawler)...
[[0;32m  OK  [0m] Reached target Network.
[   29.583115] cloud-init[944]: Cloud-init v. 0.7.9 running 'init' at Sat, 13 May 2017 18:40:16 +0000. Up 29.12 seconds.
[   29.704537] cloud-init[944]: ci-info: +++++++++++++++++++++++++++++++++++++Net device info++++++++++++++++++++++++++++++++++++++
[   29.704766] cloud-init[944]: ci-info: +--------+------+----------------------------+---------------+-------+-------------------+
[[0;32m  OK  [0m] Started Initial cloud-init job (metadata service crawler).
[   29.704909] cloud-init[944]: ci-info: | Device |  Up  |          Address           |      Mask     | Scope |     Hw-Address    |
[   29.976903] cloud-init[944]: ci-info: +--------+------+----------------------------+---------------+-------+-------------------+
[   29.977244] cloud-init[944]: ci-info: | enp0s3 | True |         10.0.2.15          | 255.255.255.0 |   .   | 02:59:88:db:12:16 |
[[0;32m  OK  [0m] Reached target Network is Online.
[   29.977368] cloud-init[944]: ci-info: | enp0s3 | True | fe80::59:88ff:fedb:1216/64 |       .       |  link | 02:59:88:db:12:16 |
[   30.216486] cloud-init[944]: ci-info: |   lo   | True |         127.0.0.1          |   255.0.0.0   |   .   |         .         |
[   30.216851] cloud-init[944]: ci-info: |   lo   | True |          ::1/128           |       .       |  host |         .         |
         Starting iSCSI initiator daemon (iscsid)...
[   30.216972] cloud-init[944]: ci-info: +--------+------+----------------------------+---------------+-------+-------------------+
[   30.372915] cloud-init[944]: ci-info: +++++++++++++++++++++++++++Route IPv4 info++++++++++++++++++++++++++++
[[0;32m  OK  [0m] Reached target System Initialization.
[   30.373129] cloud-init[944]: ci-info: +-------+-------------+----------+---------------+-----------+-------+
[   30.581333] cloud-init[944]: ci-info: | Route | Destination | Gateway  |    Genmask    | Interface | Flags |
[[0;32m  OK  [0m] Started Daily Cleanup of Temporary Directories.
[[   30.581435] cloud-init[944]: ci-info: +-------+-------------+----------+---------------+-----------+-------+
[   30.757238] cloud-init[944]: ci-info: |   0   |   0.0.0.0   | 10.0.2.2 |    0.0.0.0    |   enp0s3  |   UG  |
[0;32m  OK  [0m] Listening on D-Bus System Message Bus Socket.
[   30.757350] cloud-init[944]: ci-info: |   1   |   10.0.2.0  | 0.0.0.0  | 255.255.255.0 |   enp0s3  |   U   |
[   30.953300] cloud-init[944]: ci-info: +-------+-------------+----------+---------------+-----------+-------+
[   30.953717] cloud-init[944]: Generating public/private rsa key pair.
[[0;32m  OK  [0m] Started ACPI Events Check.
[[   30.953955] cloud-init[944]: Your identification has been saved in /etc/ssh/ssh_host_rsa_key.
[   31.077464] cloud-init[944]: Your public key has been saved in /etc/ssh/ssh_host_rsa_key.pub.
[0;32m  OK  [0m] Reached target Paths.
[   31.077580] cloud-init[944]: The key fingerprint is:
[   31.128581] cloud-init[944]: SHA256:znOnlmbQes2WSZMfQ4tcYVdUquJ+Yj/pL/DlcWEmp7w root@ubuntu-xenial
[   31.129004] cloud-init[944]: The key's randomart image is:
[[0;32m  OK  [0m] Started Daily apt activities.
[[   31.129114] cloud-init[944]: +---[RSA 2048]----+
[   31.237235] cloud-init[944]: |               .*|
[0;32m  OK  [0m] Listening on UUID daemon activation socket.
[   31.237364] cloud-init[944]: |              o..|
[   31.338667] cloud-init[944]: |             ..o |
[[0;32m  OK  [0m] Started Timer to automatically refresh installed snaps.
[   31.338761] cloud-init[944]: |             oo= |
[   31.436778] cloud-init[944]: |        S...o=*..|
[[0;32m  OK  [0m] Reached target Timers.
         Starting Socket activation for snappy daemon.
[   31.437007] cloud-init[944]: |       o..o.*o* .|
[   31.568518] cloud-init[944]: |        +ooB.O.= |
[   31.568952] cloud-init[944]: |        .+Oo%Eo  |
[[0;32m  OK  [0m] Listening on ACPID Listen Socket.
[   31.569114] cloud-init[944]: |         *o*o+.  |
[   31.652955] cloud-init[944]: +----[SHA256]-----+
[   31.653049] cloud-init[944]: Generating public/private dsa key pair.
         Starting LXD - unix socket.
[   31.653196] cloud-init[944]: Your identification has been saved in /etc/ssh/ssh_host_dsa_key.
[   31.733327] cloud-init[944]: Your public key has been saved in /etc/ssh/ssh_host_dsa_key.pub.
[[0;32m  OK  [0m] Reached target Cloud-config availability.
[   31.733494] cloud-init[944]: The key fingerprint is:
[   31.908554] cloud-init[944]: SHA256:ocp5lRgvqCfUOH3usWClYea3x/+WSsM1d2X41P4cSXY root@ubuntu-xenial
[   31.908977] cloud-init[944]: The key's randomart image is:
[[0;32m  OK  [0m] Listening on Socket activation for snappy daemon.
[   31.909143] cloud-init[944]: +---[DSA 1024]----+
[   32.032914] cloud-init[944]: |                 |
[[0;32m  OK  [0m] Listening on LXD - unix socket.
[[   32.033034] cloud-init[944]: |               ..|
[   32.121025] cloud-init[944]: |      . .     .oE|
[0;32m  OK  [0m] Started iSCSI initiator daemon (iscsid).
[   32.121110] cloud-init[944]: |   + . = o    o=+|
[   32.221137] cloud-init[944]: |  + B * S   o .o+|
[   32.252836] cloud-init[944]: | . B O o . . o oo|
[   32.280574] cloud-init[944]: |  o X =.  +  .  o|
         Starting Login to default iSCSI targets...
[[0;32m  OK  [0m] Reached target Sockets.
[[0;32m  OK  [0m] Reached target Basic System.
[   32.308170] cloud-init[944]: |   + = +o. .o    |
         Starting LSB: MD monitoring daemon...
[   32.431218] cloud-init[944]: |      +. .o+.    |
[   32.488333]          cloud-initStarting Apply the settings specified in cloud-config...[944]: 
+----[SHA256]-----+
[[0;32m  OK  [0m] Started Deferred execution scheduler.
[   32.584585] cloud-init[944]: Generating public/private ecdsa key pair.
[   32.668329]          cloud-initStarting Accounts Service...[944]: 
Your identification has been saved in /etc/ssh/ssh_host_ecdsa_key.
[   32.824707]          cloud-initStarting Login Service...[944]: 
Your public key has been saved in /etc/ssh/ssh_host_ecdsa_key.pub.
[   32.872333]          cloud-initStarting /etc/rc.local Compatibility...[944]: 
The key fingerprint is:
[   32.920310] [cloud-init[0;32m  OK  [0m[944]: ] SHA256:e8DUtqtBe6X+D5Nwb3sxp6nuBl9w/HQenpPtt+DDRl8 root@ubuntu-xenialStarted D-Bus System Message Bus.

[   32.920771] cloud-init[944]: The key's randomart image is:
[   33.076505] [cloud-init[0;32m  OK  [0m[944]: ] +---[ECDSA 256]---+Started ACPI event daemon.

[   33.076990] cloud-init[944]: |                 |
[   33.164505] [cloud-init[0;32m  OK  [0m[944]: ] |         .       |Started FUSE filesystem for LXC.

[   33.164964] cloud-init[944]: |        . o  .   |
[   33.256362]          cloud-initStarting System Logging Service...[944]: 
|       o . .. o.o|
[   33.288455] [cloud-init[0;32m  OK  [0m[944]: ] |        S o oo.+*|Started Unattended Upgrades Shutdown.

         Starting LSB: Record successful boot for GRUB...
[   33.327110] cloud-init[944]: |       . +.* +.BE|
         Starting Pollinate to seed the pseudo random number generator...
[   33.386984] cloud-init[944]: |        + =o*o++*|
         Starting LXD - container startup/shutdown...
[   33.467209] cloud-init[944]: |         *  +B+o+|
[[0;32m  OK  [0m] Started Regular background program processing daemon.
[   33.543114] cloud-init[944]: |        . .=*++oo|
[[   33.608162] cloud-init[944]: +----[SHA256]-----+
[   33.608234] cloud-init[944]: Generating public/private ed25519 key pair.
[   33.608392] cloud-init[944]: Your identification has been saved in /etc/ssh/ssh_host_ed25519_key.
[   33.608431] cloud-init[944]: Your public key has been saved in /etc/ssh/ssh_host_ed25519_key.pub.
[   33.608468] cloud-init[944]: The key fingerprint is:
[   33.608504] cloud-init[944]: SHA256:Oyjavv7QgyyPj31SKNvvjofmT/N6YKMFOTSdezeSkB4 root@ubuntu-xenial
[   33.608549] cloud-init[944]: The key's randomart image is:
[   33.608587] cloud-init[944]: +--[ED25519 256]--+
[   33.608622] cloud-init[944]: |     . o         |
[   33.608658] cloud-init[944]: |    o E          |
[   33.608692] cloud-init[944]: |   . + + .       |
[   33.608729] cloud-init[944]: |    + o + o      |
[   33.608764] cloud-init[944]: |     + .So .     |
[   33.608798] cloud-init[944]: |  ...o*. .       |
[   33.608834] cloud-init[944]: |  .+=**oo        |
[   33.608868] cloud-init[944]: |  .O*=o+..       |
[   33.608904] cloud-init[944]: |  +*@@Bo.        |
[   33.608948] cloud-init[944]: +----[SHA256]-----+
[   33.610356] cloud-init[1049]: Generating locales (this might take a while)...
[0;32m  OK  [0m] Started Snappy daemon.
[   33.654133] cloud-init[1049]:   en_US.UTF-8... done
[   34.080646]          cloud-initStarting Auto import assertions from block devices...[1049]: 
Generation complete.
[[0;32m  OK  [0m] Started System Logging Service.
[[0;32m  OK  [0m] Started /etc/rc.local Compatibility.
[[0;32m  OK  [0m] Started Pollinate to seed the pseudo random number generator.
[[0;32m  OK  [0m] Started LXD - container startup/shutdown.
[[0;32m  OK  [0m] Started Auto import assertions from block devices.
[[0;32m  OK  [0m] Started LSB: MD monitoring daemon.
[[0;32m  OK  [0m] Started Login to default iSCSI targets.
[[0;32m  OK  [0m] Started LSB: Record successful boot for GRUB.
[[0;32m  OK  [0m] Started Login Service.
         Starting Authenticate and Authorize Users to Run Privileged Tasks...
[[0;32m  OK  [0m] Reached target Remote File Systems (Pre).
[[0;32m  OK  [0m] Reached target Remote File Systems.
         Starting Permit User Sessions...
         Starting LSB: daemon to balance interrupts for SMP systems...
         Starting LSB: VirtualBox Linux Additions...
         Starting LSB: automatic crash report generation...
         Starting LSB: Set the CPU Frequency Scaling governor to "ondemand"...
[[0;32m  OK  [0m] Stopped OpenBSD Secure Shell server.
         Starting OpenBSD Secure Shell server...
[[0;32m  OK  [0m] Started OpenBSD Secure Shell server.
[[0;32m  OK  [0m] Started Permit User Sessions.
[[0;32m  OK  [0m] Started Authenticate and Authorize Users to Run Privileged Tasks.
[[0;32m  OK  [0m] Started Accounts Service.
[[0;32m  OK  [0m] Started LSB: automatic crash report generation.
[[0;32m  OK  [0m] Started LSB: daemon to balance interrupts for SMP systems.
[[0;32m  OK  [0m] Started LSB: VirtualBox Linux Additions.
[[0;32m  OK  [0m] Created slice User Slice of ubuntu.
[   35.120410] cloud-init[1049]: Cloud-init v. 0.7.9 running 'modules:config' at Sat, 13 May 2017 18:40:20 +0000. Up 32.75 seconds.
         Starting User Manager for UID 1000...
[[0;32m  OK  [0m] Started Session 1 of user ubuntu.
         Starting Hold until boot process finishes up...
         Starting Terminate Plymouth Boot Screen...
[[0;32m  OK  [0m] Started User Manager for UID 1000.
[[0;32m  OK  [0m] Started Apply the settings specified in cloud-config.
[[0;32m  OK  [0m] Started LSB: Set the CPU Frequency Scaling governor to "ondemand".
[[0;32m  OK  [0m] Started Hold until boot process finishes up.
[[0;32m  OK  [0m] Started Terminate Plymouth Boot Screen.
[[0;32m  OK  [0m] Started Serial Getty on ttyS0.
         Starting Set console scheme...
[[0;32m  OK  [0m] Started Getty on tty1.
[[0;32m  OK  [0m] Reached target Login Prompts.
[[0;32m  OK  [0m] Reached target Multi-User System.
[[0;32m  OK  [0m] Reached target Graphical Interface.
         Starting Update UTMP about System Runlevel Changes...
         Starting Execute cloud user/final scripts...
[[0;32m  OK  [0m] Started Set console scheme.
[[0;32m  OK  [0m] Started Update UTMP about System Runlevel Changes.
ci-info: no authorized ssh keys fingerprints found for user ubuntu.
<14>May 13 18:40:23 ec2: 
<14>May 13 18:40:23 ec2: #############################################################
<14>May 13 18:40:23 ec2: -----BEGIN SSH HOST KEY FINGERPRINTS-----
<14>May 13 18:40:23 ec2: 1024 SHA256:ocp5lRgvqCfUOH3usWClYea3x/+WSsM1d2X41P4cSXY root@ubuntu-xenial (DSA)
<14>May 13 18:40:23 ec2: 256 SHA256:e8DUtqtBe6X+D5Nwb3sxp6nuBl9w/HQenpPtt+DDRl8 root@ubuntu-xenial (ECDSA)
<14>May 13 18:40:23 ec2: 256 SHA256:Oyjavv7QgyyPj31SKNvvjofmT/N6YKMFOTSdezeSkB4 root@ubuntu-xenial (ED25519)
<14>May 13 18:40:23 ec2: 2048 SHA256:znOnlmbQes2WSZMfQ4tcYVdUquJ+Yj/pL/DlcWEmp7w root@ubuntu-xenial (RSA)
<14>May 13 18:40:23 ec2: -----END SSH HOST KEY FINGERPRINTS-----
<14>May 13 18:40:23 ec2: #############################################################
-----BEGIN SSH HOST KEY KEYS-----
ecdsa-sha2-nistp256 AAAAE2VjZHNhLXNoYTItbmlzdHAyNTYAAAAIbmlzdHAyNTYAAABBBBVcQ0FpX3SBJgdZIOXOpg2de99BmIrce+DrGHurhFYgirJbcyRb6ga/nCKUZl3swk0+PYYLXbDLFXCcdC4tmM0= root@ubuntu-xenial
ssh-ed25519 AAAAC3NzaC1lZDI1NTE5AAAAIAtH7rkM7Xu77i/y0cQEPUbkkyHjfTM68vqMZMVT6A8/ root@ubuntu-xenial
ssh-rsa AAAAB3NzaC1yc2EAAAADAQABAAABAQCqU4FZz2rDZMjhJL39d811KDABuoHau2KRRcg3UcGVw4u01/FAKoTe2KX2qSPOsVZlq6UelM7SY8SpC0UQ9a0XFzfYojKkjah+C5l0R6feK5mOKwh+x60s8SnkfheqWptb7nb7wrlPYCPNYhs/gRZSVNbwRCTFZOjXYZAumZfZ9RHTgBcEjXnD0eIdkjAK6IPGmKRm+bTUElrEzvXwiR2+dmIOBEpSdjwphRRwBj7PWdCSTdSU9zPLC3G+SZBwG9vLu68+CyqT4nm3lpRQ86QdkQe2Y1mH+pucgdsk/iwa7ZKz7nkQqNCYKMgV5RSWXthWzKg2ii+7wLc3AnkIMgwx root@ubuntu-xenial
-----END SSH HOST KEY KEYS-----
[   36.586073] cloud-init[1314]: Cloud-init v. 0.7.9 running 'modules:final' at Sat, 13 May 2017 18:40:23 +0000. Up 36.14 seconds.
[   36.664387] cloud-init[1314]: ci-info: no authorized ssh keys fingerprints found for user ubuntu.
[   36.664591] cloud-init[1314]: Cloud-init v. 0.7.9 finished at Sat, 13 May 2017 18:40:24 +0000. Datasource DataSourceNoCloud [seed=/dev/sdb][dsmode=net].  Up 36.57 seconds
[[0;32m  OK  [0m] Started Execute cloud user/final scripts.
[[0;32m  OK  [0m] Reached target Cloud-init target.

Ubuntu 16.04.2 LTS ubuntu-xenial ttyS0

ubuntu-xenial login: 